// Jest Snapshot v1, https://goo.gl/fbAQLP

exports[`outputs the correct schema (build version) 1`] = `
"Object{
  query: GraphQLObjectType{
    name: \\"Root\\",
    description: undefined,
    isTypeOf: undefined,
    _typeConfig: Object{
      name: \\"Root\\",
      fields: Object{
        Departments: Object{
          type: GraphQLList{
            ofType: GraphQLObjectType{
              name: \\"Department\\",
              description: undefined,
              isTypeOf: undefined,
              _typeConfig: Object{
                name: \\"Department\\",
                fields: #function#
              }
            }
          },
          resolve: #function#
        },
        Groups: Object{
          type: GraphQLList{
            ofType: GraphQLObjectType{
              name: \\"Group\\",
              description: undefined,
              isTypeOf: undefined,
              _typeConfig: Object{
                name: \\"Group\\",
                fields: #function#
              }
            }
          },
          resolve: #function#
        },
        Torrents: Object{
          type: GraphQLList{
            ofType: GraphQLObjectType{
              name: \\"Torrent\\",
              description: undefined,
              isTypeOf: undefined,
              _typeConfig: Object{
                name: \\"Torrent\\",
                fields: #function#
              }
            }
          },
          resolve: #function#
        },
        Users: Object{
          type: GraphQLList{
            ofType: GraphQLObjectType{
              name: \\"User\\",
              description: undefined,
              isTypeOf: undefined,
              _typeConfig: Object{
                name: \\"User\\",
                fields: #function#
              }
            }
          },
          resolve: #function#
        }
      }
    }
  }
}"
`;

exports[`outputs the correct schema 1`] = `
"Object{
  query: GraphQLObjectType{
    name: \\"Root\\",
    description: undefined,
    isTypeOf: undefined,
    _typeConfig: Object{
      name: \\"Root\\",
      fields: Object{
        Departments: Object{
          type: GraphQLList{
            ofType: GraphQLObjectType{
              name: \\"Department\\",
              description: undefined,
              isTypeOf: undefined,
              _typeConfig: Object{
                name: \\"Department\\",
                fields: #function#
              }
            }
          },
          resolve: #function#
        },
        Groups: Object{
          type: GraphQLList{
            ofType: GraphQLObjectType{
              name: \\"Group\\",
              description: undefined,
              isTypeOf: undefined,
              _typeConfig: Object{
                name: \\"Group\\",
                fields: #function#
              }
            }
          },
          resolve: #function#
        },
        Torrents: Object{
          type: GraphQLList{
            ofType: GraphQLObjectType{
              name: \\"Torrent\\",
              description: undefined,
              isTypeOf: undefined,
              _typeConfig: Object{
                name: \\"Torrent\\",
                fields: #function#
              }
            }
          },
          resolve: #function#
        },
        Users: Object{
          type: GraphQLList{
            ofType: GraphQLObjectType{
              name: \\"User\\",
              description: undefined,
              isTypeOf: undefined,
              _typeConfig: Object{
                name: \\"User\\",
                fields: #function#
              }
            }
          },
          resolve: #function#
        }
      }
    }
  }
}"
`;
